
> starter_helpi@0.1.0 test
> react-scripts test --coverage

  console.error
    Warning: validateDOMNesting(...): <div> cannot appear as a descendant of <p>.
        at div
        at p
        at div
        at HomePage (/home/runner/work/starter_helpi/starter_helpi/src/QuizPages/HomePage.tsx:8:46)
        at header
        at div
        at UserResponsesProvider (/home/runner/work/starter_helpi/starter_helpi/src/contexts/UserResponsesContext.tsx:22:74)
        at App (/home/runner/work/starter_helpi/starter_helpi/src/App.tsx:17:33)

      4 |
      5 | test('renders learn react link', () => {
    > 6 |   render(<App />);
        |         ^
      7 |   const linkElement = screen.getByText(/learn react/i);
      8 |   expect(linkElement).toBeInTheDocument();
      9 | });

      at printWarning (node_modules/react-dom/cjs/react-dom.development.js:86:30)
      at error (node_modules/react-dom/cjs/react-dom.development.js:60:7)
      at validateDOMNesting (node_modules/react-dom/cjs/react-dom.development.js:10849:7)
      at createInstance (node_modules/react-dom/cjs/react-dom.development.js:10930:5)
      at completeWork (node_modules/react-dom/cjs/react-dom.development.js:22187:28)
      at completeUnitOfWork (node_modules/react-dom/cjs/react-dom.development.js:26593:16)
      at performUnitOfWork (node_modules/react-dom/cjs/react-dom.development.js:26568:5)
      at workLoopSync (node_modules/react-dom/cjs/react-dom.development.js:26466:5)
      at renderRootSync (node_modules/react-dom/cjs/react-dom.development.js:26434:7)
      at performConcurrentWorkOnRoot (node_modules/react-dom/cjs/react-dom.development.js:25738:74)
      at flushActQueue (node_modules/react/cjs/react.development.js:2667:24)
      at act (node_modules/react/cjs/react.development.js:2582:11)
      at node_modules/@testing-library/react/dist/act-compat.js:63:25
      at renderRoot (node_modules/@testing-library/react/dist/pure.js:159:26)
      at render (node_modules/@testing-library/react/dist/pure.js:246:10)
      at Object.<anonymous> (src/App.test.tsx:6:9)
      at TestScheduler.scheduleTests (node_modules/@jest/core/build/TestScheduler.js:333:13)
      at runJest (node_modules/@jest/core/build/runJest.js:404:19)
      at _run10000 (node_modules/@jest/core/build/cli/index.js:320:7)
      at runCLI (node_modules/@jest/core/build/cli/index.js:173:3)

FAIL src/App.test.tsx
  ✕ renders learn react link (71 ms)

  ● renders learn react link

    TestingLibraryElementError: Unable to find an element with the text: /learn react/i. This could be because the text is broken up by multiple elements. In this case, you can provide a function for your text matcher to make your matcher more flexible.

    Ignored nodes: comments, script, style
    [36m<body>[39m
      [36m<div>[39m
        [36m<div[39m
          [33mclass[39m=[32m"App"[39m
        [36m>[39m
          [36m<header[39m
            [33mclass[39m=[32m"App-header"[39m
          [36m>[39m
            [36m<div>[39m
              [36m<h1>[39m
                [0mCareer Guide[0m
              [36m</h1>[39m
              [36m<p[39m
                [33mclass[39m=[32m"style1"[39m
              [36m>[39m
                [0mWith so many careers to choose from do you have NO IDEA what you want to do? Our basic career quiz is right for you, click to get started![0m
                [36m<div>[39m
                  [0m [0m
                  [36m<button[39m
                    [33mclass[39m=[32m"btn btn-primary"[39m
                    [33mtype[39m=[32m"button"[39m
                  [36m>[39m
                    [0mBasic[0m
                  [36m</button>[39m
                  [0m [0m
                [36m</div>[39m
                [0m [0m
              [36m</p>[39m
              [36m<p[39m
                [33mclass[39m=[32m"style2"[39m
              [36m>[39m
                [0mDo you have an area of interest already but need help nailing it down? Then our detailed quiz is right for you click to get started![0m
                [36m<div>[39m
                  [0m [0m
                  [36m<button[39m
                    [33mclass[39m=[32m"btn btn-primary"[39m
                    [33mtype[39m=[32m"button"[39m
                  [36m>[39m
                    [0mDetailed[0m
                  [36m</button>[39m
                  [0m [0m
                [36m</div>[39m
                [0m [0m
              [36m</p>[39m
            [36m</div>[39m
          [36m</header>[39m
          [36m<form[39m
            [33mclass[39m=[32m""[39m
          [36m>[39m
            [36m<label[39m
              [33mclass[39m=[32m"form-label"[39m
            [36m>[39m
              [0mAPI Key:[0m
            [36m</label>[39m
            [36m<input[39m
              [33mclass[39m=[32m"form-control"[39m
              [33mplaceholder[39m=[32m"Insert API Key Here"[39m
              [33mtype[39m=[32m"password"[39m
            [36m/>[39m
            [36m<br />[39m
            [36m<button[39m
              [33mclass[39m=[32m"Submit-Button btn btn-primary"[39m
              [33mtype[39m=[32m"button"[39m
            [36m>[39m
              [0mSubmit[0m
            [36m</button>[39m
          [36m</form>[39m
        [36m</div>[39m
      [36m</div>[39m
    [36m</body>[39m

       5 | test('renders learn react link', () => {
       6 |   render(<App />);
    >  7 |   const linkElement = screen.getByText(/learn react/i);
         |                              ^
       8 |   expect(linkElement).toBeInTheDocument();
       9 | });
      10 |

      at Object.getElementError (node_modules/@testing-library/react/node_modules/@testing-library/dom/dist/config.js:37:19)
      at node_modules/@testing-library/react/node_modules/@testing-library/dom/dist/query-helpers.js:76:38
      at node_modules/@testing-library/react/node_modules/@testing-library/dom/dist/query-helpers.js:52:17
      at getByText (node_modules/@testing-library/react/node_modules/@testing-library/dom/dist/query-helpers.js:95:19)
      at Object.<anonymous> (src/App.test.tsx:7:30)
      at TestScheduler.scheduleTests (node_modules/@jest/core/build/TestScheduler.js:333:13)
      at runJest (node_modules/@jest/core/build/runJest.js:404:19)
      at _run10000 (node_modules/@jest/core/build/cli/index.js:320:7)
      at runCLI (node_modules/@jest/core/build/cli/index.js:173:3)

[0;33mOne of your dependencies, babel-preset-react-app, is importing the
"@babel/plugin-proposal-private-property-in-object" package without
declaring it in its dependencies. This is currently working because
"@babel/plugin-proposal-private-property-in-object" is already in your
node_modules folder for unrelated reasons, but it [1mmay break at any time[0;33m.

babel-preset-react-app is part of the create-react-app project, [1mwhich
is not maintianed anymore[0;33m. It is thus unlikely that this bug will
ever be fixed. Add "@babel/plugin-proposal-private-property-in-object" to
your devDependencies to work around this error. This will make this message
go away.[0m
  
-----------------------------|---------|----------|---------|---------|-------------------
File                         | % Stmts | % Branch | % Funcs | % Lines | Uncovered Line #s 
-----------------------------|---------|----------|---------|---------|-------------------
All files                    |   11.59 |    17.64 |    6.57 |   13.18 |                   
 src                         |   28.57 |    16.66 |      20 |   28.57 |                   
  App.tsx                    |      60 |       50 |   33.33 |      60 | 13,20-26          
  index.tsx                  |       0 |      100 |     100 |       0 | 7-19              
  reportWebVitals.ts         |       0 |        0 |       0 |       0 | 3-10              
 src/QuizFunctions           |       0 |        0 |       0 |       0 |                   
  QuestionSelection.Test.tsx |       0 |      100 |       0 |       0 | 5-55              
  QuestionSelection.ts       |       0 |        0 |       0 |       0 | 35-191            
  consoleDisplays.ts         |       0 |      100 |       0 |       0 | 5-40              
  getResponseVector.ts       |       0 |      100 |       0 |       0 | 4-14              
 src/QuizPages               |    13.2 |    66.66 |    4.76 |   14.58 |                   
  BasicQuestions.tsx         |   11.11 |      100 |       0 |    12.5 | 21-49             
  DetailedQuestions.tsx      |    4.16 |      100 |       0 |    4.76 | 12-47             
  HomePage.tsx               |   36.36 |    66.66 |      25 |   36.36 | 13-25             
 src/components              |    8.33 |      100 |       0 |    8.33 |                   
  MultipleChoiceQuestion.tsx |       0 |      100 |       0 |       0 | 12-24             
  formatQuestion.tsx         |       0 |      100 |       0 |       0 | 17-30             
  progressBar.tsx            |   33.33 |      100 |       0 |   33.33 | 9-19              
 src/contexts                |    90.9 |       50 |      60 |     100 |                   
  UserResponsesContext.tsx   |    90.9 |       50 |      60 |     100 | 25                
-----------------------------|---------|----------|---------|---------|-------------------
Test Suites: 1 failed, 1 total
Tests:       1 failed, 1 total
Snapshots:   0 total
Time:        3.359 s
Ran all test suites.
